> Task :compileJava

BUILD SUCCESSFUL in 2s
1 actionable task: 1 executed
